[36mvite v5.4.21 [32mbuilding for production...[36m[39m
transforming...
[32mΓ£ô[39m 1043 modules transformed.

PWA v0.17.5
mode      generateSW
precache  7 entries (695.23 KiB)
files generated
  dist\sw.js
  dist\workbox-b51dd497.js
node.exe : [31mx[39m Build failed 
in 21.25s
At C:\Program Files\nodejs\npx.ps1:29 
char:3
+   & $NODE_EXE $NPX_CLI_JS $args
+   ~~~~~~~~~~~~~~~~~~~~~~~~~~~~~
    + CategoryInfo          : NotSpec 
   ified: ([31mx[39m Build failed   
  in 21.25s:String) [], RemoteExcep   
 tion
    + FullyQualifiedErrorId : NativeC 
   ommandError
 
[31merror during build:
[31m[vite-plugin-pwa:build] [plugin 
vite-plugin-pwa:build] 
src/components/SDKDemo.jsx: There was 
an error during the build:
  Could not resolve 
"../../contexts/LanguageContext" from 
"src/components/SDKDemo.jsx"
Additionally, handling the error in 
the 'buildEnd' hook caused the 
following error:
  Could not resolve 
"../../contexts/LanguageContext" from 
"src/components/SDKDemo.jsx"[31m
file: [36mC:/Users/Lenovo/Desktop/pro
ject/sikshalokam_finals/frontend/src/c
omponents/SDKDemo.jsx[31m
    at getRollupError (file:///C:/User
s/Lenovo/Desktop/project/sikshalokam_f
inals/frontend/node_modules/rollup/dis
t/es/shared/parseAst.js:402:41)
    at file:///C:/Users/Lenovo/Desktop
/project/sikshalokam_finals/frontend/n
ode_modules/rollup/dist/es/shared/node
-entry.js:23444:39
    at async 
catchUnfinishedHookActions (file:///C:
/Users/Lenovo/Desktop/project/sikshalo
kam_finals/frontend/node_modules/rollu
p/dist/es/shared/node-entry.js:22902:1
6)
    at async rollupInternal (file:///C
:/Users/Lenovo/Desktop/project/sikshal
okam_finals/frontend/node_modules/roll
up/dist/es/shared/node-entry.js:23427:
5)
    at async build (file:///C:/Users/L
enovo/Desktop/project/sikshalokam_fina
ls/frontend/node_modules/vite/dist/nod
e/chunks/dep-BK3b2jBa.js:65709:14)
    at async CAC.<anonymous> (file:///
C:/Users/Lenovo/Desktop/project/siksha
lokam_finals/frontend/node_modules/vit
e/dist/node/cli.js:829:5)[39m
